{
  "Action": "closed",
  "Repo": {
    "ID": "{bc771cbf-829e-4c4b-b71f-a0eb3ac2b860}",
    "Namespace": "brydzewski",
    "Name": "foo",
    "FullName": "brydzewski/foo",
    "Perm": null,
    "Branch": "",
    "Private": true,
    "Clone": "https://bitbucket.org/brydzewski/foo.git",
    "CloneSSH": "git@bitbucket.org:brydzewski/foo.git",
    "Link": "https://bitbucket.org/brydzewski/foo",
    "Created": "0001-01-01T00:00:00Z",
    "Updated": "0001-01-01T00:00:00Z"
  },
  "Label": {
    "ID": 0,
    "URL": "",
    "Name": "",
    "Description": "",
    "Color": ""
  },
  "PullRequest": {
    "Number": 2,
    "Title": "update README",
    "Body": "",
    "Labels": null,
    "Sha": "6ca9fe26898a",
    "Ref": "refs/pull-requests/2/from",
    "Source": "develop",
    "Target": "master",
    "Base": {
      "Ref": "master",
      "Sha": "",
      "Repo": {
        "ID": "{bc771cbf-829e-4c4b-b71f-a0eb3ac2b860}",
        "Namespace": "brydzewski",
        "Name": "foo",
        "FullName": "brydzewski/foo",
        "Perm": null,
        "Branch": "",
        "Private": true,
        "Clone": "https://bitbucket.org/brydzewski/foo.git",
        "CloneSSH": "git@bitbucket.org:brydzewski/foo.git",
        "Link": "https://bitbucket.org/brydzewski/foo",
        "Created": "0001-01-01T00:00:00Z",
        "Updated": "0001-01-01T00:00:00Z"
      }
    },
    "Head": {
      "Ref": "develop",
      "Sha": "",
      "Repo": {
        "ID": "",
        "Namespace": "",
        "Name": "",
        "FullName": "",
        "Perm": null,
        "Branch": "",
        "Private": false,
        "Clone": "",
        "CloneSSH": "",
        "Link": "",
        "Created": "0001-01-01T00:00:00Z",
        "Updated": "0001-01-01T00:00:00Z"
      }
    },
    "Fork": "brydzewski/foo",
    "State": "",
    "Closed": true,
    "Draft": false,
    "Merged": false,
    "Mergeable": false,
    "Rebaseable": false,
    "MergeableState": "",
    "MergeSha": "",
    "Author": {
      "ID": 0,
      "Login": "brydzewski",
      "Name": "Brad Rydzewski",
      "Email": "",
      "Avatar": "https://bitbucket.org/account/brydzewski/avatar/32/",
      "Link": "",
      "Created": "0001-01-01T00:00:00Z",
      "Updated": "0001-01-01T00:00:00Z"
    },
    "Assignees": null,
    "Reviewers": null,
    "Milestone": {
      "Number": 0,
      "ID": 0,
      "Title": "",
      "Description": "",
      "Link": "",
      "State": "",
      "DueDate": null
    },
    "Created": "2018-07-03T01:39:22.782818Z",
    "Updated": "2018-07-03T01:44:00.030575Z",
    "Link": "https://bitbucket.org/brydzewski/foo/pull-requests/2",
    "DiffLink": ""
  },
  "Sender": {
    "ID": 0,
    "Login": "brydzewski",
    "Name": "Brad Rydzewski",
    "Email": "",
    "Avatar": "https://bitbucket.org/account/brydzewski/avatar/32/",
    "Link": "",
    "Created": "0001-01-01T00:00:00Z",
    "Updated": "0001-01-01T00:00:00Z"
  },
  "Changes": {
    "Base": {
      "Ref": {
        "From": ""
      },
      "Sha": {
        "From": ""
      },
      "Repo": {
        "ID": "",
        "Namespace": "",
        "Name": "",
        "FullName": "",
        "Perm": null,
        "Branch": "",
        "Private": false,
        "Clone": "",
        "CloneSSH": "",
        "Link": "",
        "Created": "0001-01-01T00:00:00Z",
        "Updated": "0001-01-01T00:00:00Z"
      }
    }
  },
  "GUID": "",
  "Installation": null
}