{
  "Path": ".gitignore",
  "Data": "IyBDb21waWxlZCBPYmplY3QgZmlsZXMsIFN0YXRpYyBhbmQgRHluYW1pYyBsaWJzIChTaGFyZWQgT2JqZWN0cykKKi5vCiouYQoqLnNvCgojIEZvbGRlcnMKX29iagpfdGVzdAoKIyBJbnRlbGxpSgouaWRlYQoKIyBNUyBWU0NvZGUKLnZzY29kZQpfX2RlYnVnX2JpbgoKIyBBcmNoaXRlY3R1cmUgc3BlY2lmaWMgZXh0ZW5zaW9ucy9wcmVmaXhlcwoqLls1Njh2cV0KWzU2OHZxXS5vdXQKCiouY2dvMS5nbwoqLmNnbzIuYwpfY2dvX2RlZnVuLmMKX2Nnb19nb3R5cGVzLmdvCl9jZ29fZXhwb3J0LioKCl90ZXN0bWFpbi5nbwoKKi5leGUKKi50ZXN0CioucHJvZgoKKmNvdmVyYWdlLm91dApjb3ZlcmFnZS5hbGwKCi9tb2R1bGVzL29wdGlvbnMvYmluZGF0YS5nbwovbW9kdWxlcy9vcHRpb25zL2JpbmRhdGEuZ28uaGFzaAovbW9kdWxlcy9wdWJsaWMvYmluZGF0YS5nbwovbW9kdWxlcy9wdWJsaWMvYmluZGF0YS5nby5oYXNoCi9tb2R1bGVzL3RlbXBsYXRlcy9iaW5kYXRhLmdvCi9tb2R1bGVzL3RlbXBsYXRlcy9iaW5kYXRhLmdvLmhhc2gKCiouZGIKKi5sb2cKCi9naXRlYQovZ2l0ZWEtdmV0Ci9kZWJ1ZwovaW50ZWdyYXRpb25zLnRlc3QKCi9iaW4KL2Rpc3QKL2N1c3RvbS8qCiEvY3VzdG9tL2NvbmYKL2N1c3RvbS9jb25mLyoKIS9jdXN0b20vY29uZi9hcHAuZXhhbXBsZS5pbmkKL2RhdGEKL2luZGV4ZXJzCi9sb2cKL3B1YmxpYy9pbWcvYXZhdGFyCi9pbnRlZ3JhdGlvbnMvZ2l0ZWEtaW50ZWdyYXRpb24tbXlzcWwKL2ludGVncmF0aW9ucy9naXRlYS1pbnRlZ3JhdGlvbi1teXNxbDgKL2ludGVncmF0aW9ucy9naXRlYS1pbnRlZ3JhdGlvbi1wZ3NxbAovaW50ZWdyYXRpb25zL2dpdGVhLWludGVncmF0aW9uLXNxbGl0ZQovaW50ZWdyYXRpb25zL2dpdGVhLWludGVncmF0aW9uLW1zc3FsCi9pbnRlZ3JhdGlvbnMvaW5kZXhlcnMtbXlzcWwKL2ludGVncmF0aW9ucy9pbmRleGVycy1teXNxbDgKL2ludGVncmF0aW9ucy9pbmRleGVycy1wZ3NxbAovaW50ZWdyYXRpb25zL2luZGV4ZXJzLXNxbGl0ZQovaW50ZWdyYXRpb25zL2luZGV4ZXJzLW1zc3FsCi9pbnRlZ3JhdGlvbnMvc3FsaXRlLmluaQovaW50ZWdyYXRpb25zL215c3FsLmluaQovaW50ZWdyYXRpb25zL215c3FsOC5pbmkKL2ludGVncmF0aW9ucy9wZ3NxbC5pbmkKL2ludGVncmF0aW9ucy9tc3NxbC5pbmkKL25vZGVfbW9kdWxlcwoveWFybi5sb2NrCi9wdWJsaWMvanMKL3B1YmxpYy9zZXJ2aWNld29ya2VyLmpzCi9wdWJsaWMvY3NzCi9wdWJsaWMvZm9udHMKL3B1YmxpYy9pbWcvd2VicGFjawovd2ViX3NyYy9mb21hbnRpYy9idWlsZC8qCiEvd2ViX3NyYy9mb21hbnRpYy9idWlsZC9zZW1hbnRpYy5qcwohL3dlYl9zcmMvZm9tYW50aWMvYnVpbGQvc2VtYW50aWMuY3NzCiEvd2ViX3NyYy9mb21hbnRpYy9idWlsZC90aGVtZXMKL3dlYl9zcmMvZm9tYW50aWMvYnVpbGQvdGhlbWVzLyoKIS93ZWJfc3JjL2ZvbWFudGljL2J1aWxkL3RoZW1lcy9kZWZhdWx0Ci93ZWJfc3JjL2ZvbWFudGljL2J1aWxkL3RoZW1lcy9kZWZhdWx0L2Fzc2V0cy8qCiEvd2ViX3NyYy9mb21hbnRpYy9idWlsZC90aGVtZXMvZGVmYXVsdC9hc3NldHMvZm9udHMKL3dlYl9zcmMvZm9tYW50aWMvYnVpbGQvdGhlbWVzL2RlZmF1bHQvYXNzZXRzL2ZvbnRzLyoKIS93ZWJfc3JjL2ZvbWFudGljL2J1aWxkL3RoZW1lcy9kZWZhdWx0L2Fzc2V0cy9mb250cy9pY29ucy53b2ZmMgohL3dlYl9zcmMvZm9tYW50aWMvYnVpbGQvdGhlbWVzL2RlZmF1bHQvYXNzZXRzL2ZvbnRzL291dGxpbmUtaWNvbnMud29mZjIKL1ZFUlNJT04KLy5haXIKCiMgU25hcGNyYWZ0CnNuYXAvLnNuYXBjcmFmdC8KcGFydHMvCnN0YWdlLwpwcmltZS8KKi5zbmFwCiouc25hcC1idWlsZAoqX3NvdXJjZS50YXIuYnoyCi5EU19TdG9yZQoKIyBNYWtlIGV2aWRlbmNlIGZpbGVzCi8ubWFrZV9ldmlkZW5jZQo=",
  "Sha": "8d8863546a1b476ec51d4a9f150a031264d35eef"
}