{
    "ID": "1",
    "Namespace": "go-gitea",
    "Name": "gitea",
    "FullName": "go-gitea/gitea",
    "Perm": {
        "Pull": true,
        "Push": true,
        "Admin": true
    },
    "Branch": "master",
    "Private": true,
    "Clone": "https://try.gitea.io/go-gitea/gitea.git",
    "CloneSSH": "git@try.gitea.io:go-gitea/gitea.git",
    "Link": "https://try.gitea.io/go-gitea/gitea",
    "Created": "2017-10-22T18:25:33Z",
    "Updated": "2017-11-16T22:07:01Z"
}
