[
  {
    "Name": "some-tag",
    "Path": "refs/tags/some-tag",
    "Sha": "c43399cad8766ee521b873a32c1652407c5a4630"
  }
]
