[
  {
    "Name": "Dmitriy Zaporozhets",
    "Email": "dmitriy.zaporozhets@gmail.com"
  },
  {
    "Name": "Jacob Vosmaer",
    "Email": "contact@jacobvosmaer.nl"
  }
]