[
    {
        "Path": "VERSION",
        "PreviousPath": "VERSION",
        "Added": false,
        "Renamed": false,
        "Deleted": false
    }
]
