{
  "Action": "opened",
  "Repo": {
    "ID": "61",
    "Namespace": "gogits",
    "Name": "hello-world",
    "FullName": "gogits/hello-world",
    "Branch": "master",
    "Private": true,
    "Clone": "http://try.gitea.io/gogits/hello-world.git",
    "CloneSSH": "git@localhost:gogits/hello-world.git",
    "Link": "http://try.gitea.io/gogits/hello-world",
    "Created": "2017-12-09T01:30:43Z",
    "Updated": "2017-12-09T01:39:10Z"
  },
  "Issue": {
    "Number": 1,
    "Title": "Problem",
    "Body": "Found a bug",
    "Link": "",
    "Labels": null,
    "Closed": false,
    "Locked": false,
    "Author": {
      "ID": 1,
      "Login": "unknwon",
      "Name": "",
      "Email": "noreply@gogs.io",
      "Avatar": "https://secure.gravatar.com/avatar/8c58a0be77ee441bb8f8595b7f1b4e87"
    },
    "Created": "2017-12-08T17:30:43-08:00",
    "Updated": "2017-12-08T17:30:43-08:00"
  },
  "Sender": {
    "ID": 1,
    "Login": "unknwon",
    "Name": "",
    "Email": "noreply@gogs.io",
    "Avatar": "https://secure.gravatar.com/avatar/8c58a0be77ee441bb8f8595b7f1b4e87"
  }
}
