{
  "Action": "closed",
  "Repo": {
    "ID": "6589",
    "Namespace": "jcitizen",
    "Name": "my-repo",
    "FullName": "jcitizen/my-repo",
    "Perm": {
      "Pull": true,
      "Push": true,
      "Admin": true
    },
    "Branch": "master",
    "Private": false,
    "Clone": "https://try.gitea.io/jcitizen/my-repo.git",
    "CloneSSH": "git@try.gitea.io:jcitizen/my-repo.git",
    "Link": "https://try.gitea.io/jcitizen/my-repo",
    "Created": "2018-07-06T00:08:02Z",
    "Updated": "2018-07-06T01:06:56Z"
  },
  "PullRequest": {
    "Number": 1,
    "Title": "Add LICENSE File",
    "Body": "Using a BSD License",
    "Sha": "2eba238e33607c1fa49253182e9fff42baafa1eb",
    "Ref": "refs/pull/1/head",
    "Source": "feature",
    "Target": "master",
    "Base": {
      "Ref": "master",
      "Sha": "39af58f1eff02aa308e16913e887c8d50362b474",
      "Repo": {
        "ID": "6589",
        "Namespace": "jcitizen",
        "Name": "my-repo",
        "FullName": "jcitizen/my-repo",
        "Perm": {
          "Pull": false,
          "Push": false,
          "Admin": false
        },
        "Branch": "master",
        "Private": false,
        "Clone": "https://try.gitea.io/jcitizen/my-repo.git",
        "CloneSSH": "git@try.gitea.io:jcitizen/my-repo.git",
        "Link": "https://try.gitea.io/jcitizen/my-repo",
        "Created": "2018-07-06T00:08:02Z",
        "Updated": "2018-07-06T01:06:56Z"
      }
    },
    "Head": {
      "Ref": "feature",
      "Sha": "2eba238e33607c1fa49253182e9fff42baafa1eb",
      "Repo": {
        "ID": "6589",
        "Namespace": "jcitizen",
        "Name": "my-repo",
        "FullName": "jcitizen/my-repo",
        "Perm": {
          "Pull": false,
          "Push": false,
          "Admin": false
        },
        "Branch": "master",
        "Private": false,
        "Clone": "https://try.gitea.io/jcitizen/my-repo.git",
        "CloneSSH": "git@try.gitea.io:jcitizen/my-repo.git",
        "Link": "https://try.gitea.io/jcitizen/my-repo",
        "Created": "2018-07-06T00:08:02Z",
        "Updated": "2018-07-06T01:06:56Z"
      }
    },
    "Fork": "jcitizen/my-repo",
    "Link": "https://try.gitea.io/jcitizen/my-repo/pulls/1",
    "Closed": true,
    "Merged": false,
    "Mergeable": true,
    "Author": {
      "ID": 6641,
      "Login": "jcitizen",
      "Name": "",
      "Email": "jane@example.com",
      "Avatar": "https://secure.gravatar.com/avatar/66f07ff48e6a9cb393de7a34e03bb52a?d=identicon"
    },
    "Created": "2018-07-06T00:37:47Z",
    "Updated": "2018-07-06T01:34:08Z"
  },
  "Sender": {
    "ID": 6641,
    "Login": "jcitizen",
    "Name": "",
    "Email": "jane@example.com",
    "Avatar": "https://secure.gravatar.com/avatar/66f07ff48e6a9cb393de7a34e03bb52a?d=identicon"
  }
}
