{
  "Action": "created",
  "Repo": {
    "ID": "61",
    "Namespace": "gogits",
    "Name": "hello-world",
    "FullName": "gogits/hello-world",
    "Branch": "master",
    "Private": true,
    "Clone": "http://try.gitea.io/gogits/hello-world.git",
    "CloneSSH": "git@localhost:gogits/hello-world.git",
    "Link": "http://try.gitea.io/gogits/hello-world",
    "Created": "2017-12-09T01:30:43Z",
    "Updated": "2017-12-09T07:23:37Z"
  },
  "PullRequest": {
    "Number": 2,
    "Title": "huge improvements",
    "Body": "run gofmt",
    "Sha": "",
    "Ref": "",
    "Source": "",
    "Target": "",
    "Link": "",
    "Closed": false,
    "Merged": false,
    "Author": {
      "ID": 1,
      "Login": "unknwon",
      "Name": "",
      "Email": "noreply@gogs.io",
      "Avatar": "https://secure.gravatar.com/avatar/8c58a0be77ee441bb8f8595b7f1b4e87"
    },
    "Created": "2017-12-09T07:21:43Z",
    "Updated": "2017-12-09T07:21:43Z"
  },
  "Comment": {
    "ID": 45,
    "Body": "run gofmt",
    "Author": {
      "Login": "unknwon",
      "ID": 1,
      "Name": "",
      "Email": "noreply@gogs.io",
      "Avatar": "https://secure.gravatar.com/avatar/8c58a0be77ee441bb8f8595b7f1b4e87"
    },
    "Created": "0001-01-01T00:00:00Z",
    "Updated": "0001-01-01T00:00:00Z"
  },
  "Sender": {
    "ID": 1,
    "Login": "unknwon",
    "Name": "",
    "Email": "noreply@gogs.io",
    "Avatar": "https://secure.gravatar.com/avatar/8c58a0be77ee441bb8f8595b7f1b4e87"
  }
}
