{
  "Ref": {
    "Name": "v1.0.0",
    "Sha": "599d25c67b05717269f50ac082b34f176d085179"
  },
  "Repo": {
    "ID": "61",
    "Namespace": "gogits",
    "Name": "hello-world",
    "FullName": "gogits/hello-world",
    "Branch": "master",
    "Private": true,
    "Clone": "http://try.gitea.io/gogits/hello-world.git",
    "CloneSSH": "git@localhost:gogits/hello-world.git",
    "Link": "http://try.gitea.io/gogits/hello-world",
    "Created": "2017-12-09T01:30:43Z",
    "Updated": "2017-12-09T01:38:03Z"
  },
  "Action": "created",
  "Sender": {
    "ID": 1,
    "Login": "unknwon",
    "Name": "",
    "Email": "noreply@gogs.io",
    "Avatar": "https://secure.gravatar.com/avatar/8c58a0be77ee441bb8f8595b7f1b4e87"
  }
}
