[
    {
        "ID": 1,
        "Name": "PRJ",
        "Avatar": "",
        "Permissions": {
            "MembersCreatePrivate":  true,
            "MembersCreatePublic":   true,
            "MembersCreateInternal": true
        }
    }
]