{
  "Number": 1347,
  "Title": "new-feature",
  "Body": "Please pull these awesome changes",
  "Sha": "6dcb09b5b57875f334f61aebed695e2e4193db5e",
  "Ref": "refs/pull/1347/head",
  "Source": "new-topic",
  "Target": "master",
  "Base": {
    "Sha": "6dcb09b5b57875f334f61aebed695e2e4193db5e",
    "Ref": "master",
    "Repo": {
      "ID": "1296269",
      "Namespace": "octocat",
      "Name": "Hello-World",
      "FullName": "octocat/Hello-World",
      "Perm": {
        "Pull": true
      },
      "Branch": "master",
      "Clone": "https://github.com/octocat/Hello-World.git",
      "CloneSSH": "git@github.com:octocat/Hello-World.git",
      "Link": "https://github.com/octocat/Hello-World",
      "Created": "2011-01-26T19:01:12Z",
      "Updated": "2011-01-26T19:14:43Z"
    }
  },
  "Head": {
    "Sha": "6dcb09b5b57875f334f61aebed695e2e4193db5e",
    "Ref": "new-topic",
    "Repo": {
      "ID": "1296269",
      "Namespace": "octocat",
      "Name": "Hello-World",
      "FullName": "octocat/Hello-World",
      "Perm": {
        "Pull": true
      },
      "Branch": "master",
      "Clone": "https://github.com/octocat/Hello-World.git",
      "CloneSSH": "git@github.com:octocat/Hello-World.git",
      "Link": "https://github.com/octocat/Hello-World",
      "Created": "2011-01-26T19:01:12Z",
      "Updated": "2011-01-26T19:14:43Z"
    }
  },
  "Fork": "octocat/Hello-World",
  "Link": "https://github.com/octocat/Hello-World/pull/1347.diff",
  "State": "open",
  "Closed": false,
  "MergeSha": "e5bd3914e2e596debea16f433f57875b5b90bcd6",
  "Merged": true,
  "Author": {
    "Login": "octocat",
    "Name": "",
    "Email": "",
    "Link": "https://github.com/octocat",
    "Avatar": "https://github.com/images/error/octocat_happy.gif"
  },
  "Created": "2011-01-26T19:01:12Z",
  "Updated": "2011-01-26T19:01:12Z"
}