[
  {
    "ID": 1,
    "Title": "v1.0.0",
    "Description": "",
    "Link": "https://github.com/octocat/Hello-World/releases/v1.0.0",
    "Tag": "v1.0.0",
    "Commitish": "master",
    "Draft": false,
    "Prerelease": false
  }
]